// Jest Snapshot v1, https://goo.gl/fbAQLP

exports[`renders learn react link 1`] = `
<DocumentFragment>
  <header>
    <h1>
      Hello!
    </h1>
  </header>
</DocumentFragment>
`;
